C51 COMPILER V9.60.0.0   MATRIXKEY                                                         05/04/2022 14:10:46 PAGE 1   


C51 COMPILER V9.60.0.0, COMPILATION OF MODULE MATRIXKEY
OBJECT MODULE PLACED IN .\Objects\MatrixKey.obj
COMPILER INVOKED BY: D:\software\Keil\C51\BIN\C51.EXE matrixKey\MatrixKey.c OPTIMIZE(8,SPEED) BROWSE INCDIR(.\delay;.\lc
                    -d1602;.\math;.\matrixKey) DEBUG OBJECTEXTEND PRINT(.\Listings\MatrixKey.lst) TABS(2) OBJECT(.\Objects\MatrixKey.obj)

line level    source

   1          #include <REGX52.H>
   2          #include "Delay.h"
   3          #include "LCD1602.h"
   4          
   5          /**
   6            4*4按键
   7          */
   8          unsigned char MatrixKey()
   9          {
  10   1        unsigned char keyNumber = 0;
  11   1        
  12   1        while(!keyNumber)
  13   1        {
  14   2          P1 = 0xFF;
  15   2          P1_3 = 0;
  16   2          if(P1_7 == 0){DelayNms(20); while(P1_7 == 0);DelayNms(20);keyNumber = 0 * 4 + 1;}
  17   2          if(P1_6 == 0){DelayNms(20); while(P1_6 == 0);DelayNms(20);keyNumber = 1 * 4 + 1;}
  18   2          if(P1_5 == 0){DelayNms(20); while(P1_5 == 0);DelayNms(20);keyNumber = 2 * 4 + 1;}
  19   2          if(P1_4 == 0){DelayNms(20); while(P1_4 == 0);DelayNms(20);keyNumber = 3 * 4 + 1;}
  20   2          
  21   2          P1 = 0xFF;
  22   2          P1_2 = 0;
  23   2          if(P1_7 == 0){DelayNms(20); while(P1_7 == 0);DelayNms(20);keyNumber = 0 * 4 + 2;}
  24   2          if(P1_6 == 0){DelayNms(20); while(P1_6 == 0);DelayNms(20);keyNumber = 1 * 4 + 2;}
  25   2          if(P1_5 == 0){DelayNms(20); while(P1_5 == 0);DelayNms(20);keyNumber = 2 * 4 + 2;}
  26   2          if(P1_4 == 0){DelayNms(20); while(P1_4 == 0);DelayNms(20);keyNumber = 3 * 4 + 2;}
  27   2          
  28   2          P1 = 0xFF;
  29   2          P1_1 = 0;
  30   2          if(P1_7 == 0){DelayNms(20); while(P1_7 == 0);DelayNms(20);keyNumber = 0 * 4 + 3;}
  31   2          if(P1_6 == 0){DelayNms(20); while(P1_6 == 0);DelayNms(20);keyNumber = 1 * 4 + 3;}
  32   2          if(P1_5 == 0){DelayNms(20); while(P1_5 == 0);DelayNms(20);keyNumber = 2 * 4 + 3;}
  33   2          if(P1_4 == 0){DelayNms(20); while(P1_4 == 0);DelayNms(20);keyNumber = 3 * 4 + 3;}
  34   2          
  35   2          P1 = 0xFF;
  36   2          P1_0 = 0;
  37   2          if(P1_7 == 0){DelayNms(20); while(P1_7 == 0);DelayNms(20);keyNumber = 0 * 4 + 4;}
  38   2          if(P1_6 == 0){DelayNms(20); while(P1_6 == 0);DelayNms(20);keyNumber = 1 * 4 + 4;}
  39   2          if(P1_5 == 0){DelayNms(20); while(P1_5 == 0);DelayNms(20);keyNumber = 2 * 4 + 4;}
  40   2          if(P1_4 == 0){DelayNms(20); while(P1_4 == 0);DelayNms(20);keyNumber = 3 * 4 + 4;}
  41   2        }
  42   1        
  43   1        return keyNumber;
  44   1      }
  45          
  46          /**
  47          独立按键
  48          */
  49          unsigned char Key(void)
  50          {
  51   1        unsigned char KeyNumber = 0;
  52   1        do{
  53   2          if(P3_1 == 0) {DelayNms(20);while(P3_1 == 0);DelayNms(20);KeyNumber = 1;}
  54   2          if(P3_0 == 0) {DelayNms(20);while(P3_0 == 0);DelayNms(20);KeyNumber = 2;}
C51 COMPILER V9.60.0.0   MATRIXKEY                                                         05/04/2022 14:10:46 PAGE 2   

  55   2          if(P3_2 == 0) {DelayNms(20);while(P3_2 == 0);DelayNms(20);KeyNumber = 3;}
  56   2          if(P3_3 == 0) {DelayNms(20);while(P3_3 == 0);DelayNms(20);KeyNumber = 4;}
  57   2        }while(KeyNumber == 0);
  58   1        
  59   1        return KeyNumber;
  60   1      }


MODULE INFORMATION:   STATIC OVERLAYABLE
   CODE SIZE        =    507    ----
   CONSTANT SIZE    =   ----    ----
   XDATA SIZE       =   ----    ----
   PDATA SIZE       =   ----    ----
   DATA SIZE        =   ----       2
   IDATA SIZE       =   ----    ----
   BIT SIZE         =   ----    ----
END OF MODULE INFORMATION.


C51 COMPILATION COMPLETE.  0 WARNING(S),  0 ERROR(S)
