C51 COMPILER V9.60.0.0   TIMER                                                             05/04/2022 14:10:47 PAGE 1   


C51 COMPILER V9.60.0.0, COMPILATION OF MODULE TIMER
OBJECT MODULE PLACED IN .\Objects\Timer.obj
COMPILER INVOKED BY: D:\software\Keil\C51\BIN\C51.EXE timer\Timer.c OPTIMIZE(8,SPEED) BROWSE INCDIR(.\delay;.\lcd1602;.\
                    -math;.\matrixKey) DEBUG OBJECTEXTEND PRINT(.\Listings\Timer.lst) TABS(2) OBJECT(.\Objects\Timer.obj)

line level    source

   1          #include <REGX52.H>
   2          
   3          void Timer0_init(void)
   4          {
   5   1        TMOD &= 0xF0;   //设置定时器模式
   6   1        TMOD |= 0x01;   //设置定时器模式
   7   1        TL0 = 0xCD;   //设置定时初始值
   8   1        TH0 = 0xD4;   //设置定时初始值
   9   1        TF0 = 0;    //清除TF0标志
  10   1        TR0 = 1;
  11   1        ET0 = 1;
  12   1        EA = 1;
  13   1        PT0 = 0;
  14   1      }
  15          // 定时器0运行
  16          //void Timer0_Routine() interrupt 1
  17          //{
  18          //  static unsigned int T0Count = 0;
  19          //  TL0 = 0x66;   //设置定时初始值
  20          //  TH0 = 0xFC;   //设置定时初始值
  21          //  T0Count++;
  22          //  if(T0Count == 1000)
  23          //  {
  24          //    T0Count = 0;
  25          //    lcd1602_show_number(0,0,key);
  26          //  }
  27          //}
  28          
  29          void Timer1_init(void)    //1毫秒@11.0592MHz
  30          {
  31   1        TMOD &= 0x0F;   //设置定时器模式
  32   1        TMOD |= 0x10;   //设置定时器模式
  33   1        TL1 = 0x66;   //设置定时初始值
  34   1        TH1 = 0xFC;   //设置定时初始值
  35   1        TF1 = 0;    //清除TF1标志
  36   1        TR1 = 1;    //定时器1开始计时
  37   1        ET1 = 1;
  38   1        EA = 1;
  39   1        PT1 = 0;
  40   1      }
  41          
  42          
  43          


MODULE INFORMATION:   STATIC OVERLAYABLE
   CODE SIZE        =     46    ----
   CONSTANT SIZE    =   ----    ----
   XDATA SIZE       =   ----    ----
   PDATA SIZE       =   ----    ----
   DATA SIZE        =   ----    ----
   IDATA SIZE       =   ----    ----
   BIT SIZE         =   ----    ----
END OF MODULE INFORMATION.

C51 COMPILER V9.60.0.0   TIMER                                                             05/04/2022 14:10:47 PAGE 2   


C51 COMPILATION COMPLETE.  0 WARNING(S),  0 ERROR(S)
